15:08:30 **** Incremental Build of configuration Debug for project HCSR501_test ****
make -j12 all 
arm-none-eabi-gcc "../Core/Src/main.c" -mcpu=cortex-m4 -std=gnu11 -g3 -DDEBUG -DUSE_HAL_DRIVER -DSTM32F407xx -c -I../Core/Inc -I../Drivers/STM32F4xx_HAL_Driver/Inc -I../Drivers/STM32F4xx_HAL_Driver/Inc/Legacy -I../Drivers/CMSIS/Device/ST/STM32F4xx/Include -I../Drivers/CMSIS/Include -O0 -ffunction-sections -fdata-sections -Wall -fstack-usage -fcyclomatic-complexity -MMD -MP -MF"Core/Src/main.d" -MT"Core/Src/main.o" --specs=nano.specs -mfpu=fpv4-sp-d16 -mfloat-abi=hard -mthumb -o "Core/Src/main.o"
arm-none-eabi-gcc -o "HCSR501_test.elf" @"objects.list"   -mcpu=cortex-m4 -T"/home/sunbeam/Embedded_System_Design/Industrial_Data_Logger/industrial-data-logger-rtos/PIR_HCSR501_Test/HCSR501_test/STM32F407VGTX_FLASH.ld" --specs=nosys.specs -Wl,-Map="HCSR501_test.map" -Wl,--gc-sections -static --specs=nano.specs -mfpu=fpv4-sp-d16 -mfloat-abi=hard -mthumb -Wl,--start-group -lc -lm -Wl,--end-group
Finished building target: HCSR501_test.elf
 
arm-none-eabi-size  HCSR501_test.elf 
arm-none-eabi-objdump -h -S HCSR501_test.elf  > "HCSR501_test.list"
   text	   data	    bss	    dec	    hex	filename
  12688	    104	   1976	  14768	   39b0	HCSR501_test.elf
Finished building: default.size.stdout
 
Finished building: HCSR501_test.list
 
15:08:32 **** Incremental Build of configuration Debug for project HCSR501_test ****
make -j12 all 
arm-none-eabi-size  HCSR501_test.elf 
   text	   data	    bss	    dec	    hex	filename
  12688	    104	   1976	  14768	   39b0	HCSR501_test.elf
Finished building: default.size.stdout
 
